// Jest Snapshot v1, https://goo.gl/fbAQLP

exports[`Note correct render 1`] = `
ShallowWrapper {
  Symbol(enzyme.__root__): [Circular],
  Symbol(enzyme.__unrendered__): <Note
    color="#F2C94C"
    note={
      Object {
        "color": 2,
        "created": 1551714600000,
        "id": 1,
        "size": "s",
        "tags": Array [
          1,
          2,
        ],
        "text": "Не забыть сверстать макет",
        "title": "Завтра дедлайн",
        "type": "text",
      }
    }
    setPatchItem={[Function]}
    setPopup={[Function]}
    tags={
      Array [
        "Работа",
        "ШРИ",
      ]
    }
  />,
  Symbol(enzyme.__renderer__): Object {
    "batchedUpdates": [Function],
    "checkPropTypes": [Function],
    "getNode": [Function],
    "render": [Function],
    "simulateError": [Function],
    "simulateEvent": [Function],
    "unmount": [Function],
  },
  Symbol(enzyme.__node__): Object {
    "instance": null,
    "key": undefined,
    "nodeType": "host",
    "props": Object {
      "children": Array [
        undefined,
        false,
        <NoteText
          color="#F2C94C"
          note={
            Object {
              "color": 2,
              "created": 1551714600000,
              "id": 1,
              "size": "s",
              "tags": Array [
                1,
                2,
              ],
              "text": "Не забыть сверстать макет",
              "title": "Завтра дедлайн",
              "type": "text",
            }
          }
          setPatchItem={[Function]}
          setPopup={[Function]}
          tags={
            Array [
              "Работа",
              "ШРИ",
            ]
          }
        />,
        false,
        undefined,
      ],
      "className": "note",
    },
    "ref": null,
    "rendered": Array [
      undefined,
      false,
      Object {
        "instance": null,
        "key": undefined,
        "nodeType": "function",
        "props": Object {
          "color": "#F2C94C",
          "note": Object {
            "color": 2,
            "created": 1551714600000,
            "id": 1,
            "size": "s",
            "tags": Array [
              1,
              2,
            ],
            "text": "Не забыть сверстать макет",
            "title": "Завтра дедлайн",
            "type": "text",
          },
          "setPatchItem": [Function],
          "setPopup": [Function],
          "tags": Array [
            "Работа",
            "ШРИ",
          ],
        },
        "ref": null,
        "rendered": null,
        "type": [Function],
      },
      false,
      undefined,
    ],
    "type": "div",
  },
  Symbol(enzyme.__nodes__): Array [
    Object {
      "instance": null,
      "key": undefined,
      "nodeType": "host",
      "props": Object {
        "children": Array [
          undefined,
          false,
          <NoteText
            color="#F2C94C"
            note={
              Object {
                "color": 2,
                "created": 1551714600000,
                "id": 1,
                "size": "s",
                "tags": Array [
                  1,
                  2,
                ],
                "text": "Не забыть сверстать макет",
                "title": "Завтра дедлайн",
                "type": "text",
              }
            }
            setPatchItem={[Function]}
            setPopup={[Function]}
            tags={
              Array [
                "Работа",
                "ШРИ",
              ]
            }
          />,
          false,
          undefined,
        ],
        "className": "note",
      },
      "ref": null,
      "rendered": Array [
        undefined,
        false,
        Object {
          "instance": null,
          "key": undefined,
          "nodeType": "function",
          "props": Object {
            "color": "#F2C94C",
            "note": Object {
              "color": 2,
              "created": 1551714600000,
              "id": 1,
              "size": "s",
              "tags": Array [
                1,
                2,
              ],
              "text": "Не забыть сверстать макет",
              "title": "Завтра дедлайн",
              "type": "text",
            },
            "setPatchItem": [Function],
            "setPopup": [Function],
            "tags": Array [
              "Работа",
              "ШРИ",
            ],
          },
          "ref": null,
          "rendered": null,
          "type": [Function],
        },
        false,
        undefined,
      ],
      "type": "div",
    },
  ],
  Symbol(enzyme.__options__): Object {
    "adapter": ReactSixteenAdapter {
      "options": Object {
        "enableComponentDidUpdateOnSetState": true,
        "legacyContextMode": "parent",
        "lifecycles": Object {
          "componentDidUpdate": Object {
            "onSetState": true,
          },
          "getChildContext": Object {
            "calledByRenderer": false,
          },
          "getDerivedStateFromError": true,
          "getDerivedStateFromProps": Object {
            "hasShouldComponentUpdateBug": false,
          },
          "getSnapshotBeforeUpdate": true,
          "setState": Object {
            "skipsComponentDidUpdateOnNullish": true,
          },
        },
      },
    },
  },
}
`;
