// Jest Snapshot v1, https://goo.gl/fbAQLP

exports[`ConstructorReminder correct render 1`] = `
ShallowWrapper {
  Symbol(enzyme.__root__): [Circular],
  Symbol(enzyme.__unrendered__): <ConstructorReminder
    reminder={100}
    setReminder={[Function]}
  />,
  Symbol(enzyme.__renderer__): Object {
    "batchedUpdates": [Function],
    "checkPropTypes": [Function],
    "getNode": [Function],
    "render": [Function],
    "simulateError": [Function],
    "simulateEvent": [Function],
    "unmount": [Function],
  },
  Symbol(enzyme.__node__): Object {
    "instance": null,
    "key": undefined,
    "nodeType": "host",
    "props": Object {
      "children": Array [
        <span
          className="text"
        >
          Напоминание:
        </span>,
        <input
          className="input"
          onChange={[Function]}
          type="date"
          value="1970-01-01"
        />,
      ],
    },
    "ref": null,
    "rendered": Array [
      Object {
        "instance": null,
        "key": undefined,
        "nodeType": "host",
        "props": Object {
          "children": "Напоминание:",
          "className": "text",
        },
        "ref": null,
        "rendered": "Напоминание:",
        "type": "span",
      },
      Object {
        "instance": null,
        "key": undefined,
        "nodeType": "host",
        "props": Object {
          "className": "input",
          "onChange": [Function],
          "type": "date",
          "value": "1970-01-01",
        },
        "ref": Object {
          "current": null,
        },
        "rendered": null,
        "type": "input",
      },
    ],
    "type": "label",
  },
  Symbol(enzyme.__nodes__): Array [
    Object {
      "instance": null,
      "key": undefined,
      "nodeType": "host",
      "props": Object {
        "children": Array [
          <span
            className="text"
          >
            Напоминание:
          </span>,
          <input
            className="input"
            onChange={[Function]}
            type="date"
            value="1970-01-01"
          />,
        ],
      },
      "ref": null,
      "rendered": Array [
        Object {
          "instance": null,
          "key": undefined,
          "nodeType": "host",
          "props": Object {
            "children": "Напоминание:",
            "className": "text",
          },
          "ref": null,
          "rendered": "Напоминание:",
          "type": "span",
        },
        Object {
          "instance": null,
          "key": undefined,
          "nodeType": "host",
          "props": Object {
            "className": "input",
            "onChange": [Function],
            "type": "date",
            "value": "1970-01-01",
          },
          "ref": Object {
            "current": null,
          },
          "rendered": null,
          "type": "input",
        },
      ],
      "type": "label",
    },
  ],
  Symbol(enzyme.__options__): Object {
    "adapter": ReactSixteenAdapter {
      "options": Object {
        "enableComponentDidUpdateOnSetState": true,
        "legacyContextMode": "parent",
        "lifecycles": Object {
          "componentDidUpdate": Object {
            "onSetState": true,
          },
          "getChildContext": Object {
            "calledByRenderer": false,
          },
          "getDerivedStateFromError": true,
          "getDerivedStateFromProps": Object {
            "hasShouldComponentUpdateBug": false,
          },
          "getSnapshotBeforeUpdate": true,
          "setState": Object {
            "skipsComponentDidUpdateOnNullish": true,
          },
        },
      },
    },
  },
}
`;
